// Vitest Snapshot v1, https://vitest.dev/guide/snapshot.html

exports[`Calendar > is mounted properly 1`] = `""`;
