// Vitest Snapshot v1, https://vitest.dev/guide/snapshot.html

exports[`CalendarInfoButton > it can mount properly 1`] = `"Info"`;
