// Vitest Snapshot v1, https://vitest.dev/guide/snapshot.html

exports[`ExportTableButton > Display button correctly 1`] = `
"<div class="flex justify-around mt-3 mr-3 ml-3 rounded"><button type="button" class="focus:outline-none disabled:cursor-not-allowed disabled:opacity-75 flex-shrink-0 font-medium rounded-md text-sm gap-x-1.5 px-2.5 py-1.5 shadow-sm text-white dark:text-gray-900 bg-primary-500 hover:bg-primary-600 disabled:bg-primary-500 dark:bg-primary-400 dark:hover:bg-primary-500 dark:disabled:bg-primary-400 focus-visible:outline focus-visible:outline-2 focus-visible:outline-offset-2 focus-visible:outline-primary-500 dark:focus-visible:outline-primary-400 inline-flex items-center">
    <!--v-if-->Generate
    <!--v-if-->
  </button></div>"
`;
