// Vitest Snapshot v1, https://vitest.dev/guide/snapshot.html

exports[`Footer > Display correct license text 1`] = `
"<footer><br>
  <div class="flex items-center max-sm:space-y-3 max-sm:flex-col max-sm:flex-wrap max-sm:content-center max-sm:items-center border-t border-neutral-300 dark:bg-gray-900 dark:border-gray-800 pt-3 pb-5">
    <div class="basis-1/3"><svg xmlns="http://www.w3.org/2000/svg" xmlns:xlink="http://www.w3.org/1999/xlink" class="dark:fill-white fill-black m-auto" width="30" height="30" viewBox="0 0 16 16"><a href="https://github.com/Dino-Kupinic/UntisPlanner" rel="noopener noreferrer" target="_blank">
          <path fill="currentColor" d="M8 0C3.58 0 0 3.58 0 8c0 3.54 2.29 6.53 5.47 7.59c.4.07.55-.17.55-.38c0-.19-.01-.82-.01-1.49c-2.01.37-2.53-.49-2.69-.94c-.09-.23-.48-.94-.82-1.13c-.28-.15-.68-.52-.01-.53c.63-.01 1.08.58 1.23.82c.72 1.21 1.87.87 2.33.66c.07-.52.28-.87.51-1.07c-1.78-.2-3.64-.89-3.64-3.95c0-.87.31-1.59.82-2.15c-.08-.2-.36-1.02.08-2.12c0 0 .67-.21 2.2.82c.64-.18 1.32-.27 2-.27c.68 0 1.36.09 2 .27c1.53-1.04 2.2-.82 2.2-.82c.44 1.1.16 1.92.08 2.12c.51.56.82 1.27.82 2.15c0 3.07-1.87 3.75-3.65 3.95c.29.25.54.73.54 1.48c0 1.07-.01 1.93-.01 2.2c0 .21.15.46.55.38A8.012 8.012 0 0 0 16 8c0-4.42-3.58-8-8-8"></path>
        </a></svg></div>
    <div class="basis-1/3 text-center">
      <p>Made with <svg xmlns="http://www.w3.org/2000/svg" width="20px" height="20px" viewBox="0 0 24 24" class="inline-block pb-0.5">
          <path fill="red" fill-opacity="0" d="M12 20L20.5 11V7L17 5.5L12 7L7 5.5L3.5 7V11L12 20Z">
            <animate fill="freeze" attributeName="fill-opacity" begin="0.5s" dur="0.5s" values="0;1"></animate>
          </path>
          <path fill="none" stroke="red" stroke-dasharray="30" stroke-dashoffset="30" stroke-linecap="round" stroke-width="2" d="M12 8C12 8 12 8 12.7578 7C13.6343 5.84335 14.9398 5 16.5 5C18.9853 5 21 7.01472 21 9.5C21 10.4251 20.7209 11.285 20.2422 12C19.435 13.206 12 21 12 21M12 8C12 8 12 8 11.2422 7C10.3657 5.84335 9.06021 5 7.5 5C5.01472 5 3 7.01472 3 9.5C3 10.4251 3.27914 11.285 3.75777 12C4.56504 13.206 12 21 12 21">
            <animate fill="freeze" attributeName="stroke-dashoffset" dur="0.5s" values="30;0"></animate>
          </path>
        </svg></p>
    </div>
    <div class="basis-1/3 text-sm text-center">
      <p>GNU General Public License v3.0</p>
      <p>v0.2.2</p>
    </div>
  </div>
</footer>"
`;
