// Vitest Snapshot v1, https://vitest.dev/guide/snapshot.html

exports[`NavBurgerMenu > it can mount properly 1`] = `""`;
